Analyzing quiz_app...                                           

warning - Unused import: 'package:flutter/material.dart' - inspect_levels.dart:2:8 - unused_import
   info - Don't invoke 'print' in production code - inspect_levels.dart:13:3 - avoid_print
   info - Don't invoke 'print' in production code - inspect_levels.dart:16:5 - avoid_print
   info - Don't invoke 'print' in production code - inspect_levels.dart:19:3 - avoid_print
   info - Don't invoke 'print' in production code - inspect_levels.dart:22:5 - avoid_print
   info - Don't invoke 'print' in production code - inspect_levels.dart:25:7 - avoid_print
warning - Unused import: 'package:flutter/material.dart' - lib\debug_db.dart:2:8 - unused_import
   info - Don't invoke 'print' in production code - lib\debug_db.dart:10:5 - avoid_print
   info - Don't invoke 'print' in production code - lib\debug_db.dart:12:7 - avoid_print
   info - Don't invoke 'print' in production code - lib\debug_db.dart:14:5 - avoid_print
   info - Don't invoke 'print' in production code - lib\debug_db.dart:16:5 - avoid_print
warning - The value of the field '_selectedSubcategory' isn't used - lib\screens\add_question_screen.dart:30:11 - unused_field
warning - The receiver can't be 'null' because of short-circuiting, so the null-aware operator '?.' can't be used - lib\screens\add_question_screen.dart:194:50 - invalid_null_aware_operator
   info - 'value' is deprecated and shouldn't be used. Use initialValue instead. This will set the initial value for the form field. This feature was deprecated after v3.33.0-1.0.pre - lib\screens\add_question_screen.dart:284:23 - deprecated_member_use
   info - 'value' is deprecated and shouldn't be used. Use initialValue instead. This will set the initial value for the form field. This feature was deprecated after v3.33.0-1.0.pre - lib\screens\add_question_screen.dart:343:39 - deprecated_member_use
   info - 'value' is deprecated and shouldn't be used. Use initialValue instead. This will set the initial value for the form field. This feature was deprecated after v3.33.0-1.0.pre - lib\screens\add_question_screen.dart:370:23 - deprecated_member_use
   info - 'groupValue' is deprecated and shouldn't be used. Use a RadioGroup ancestor to manage group value instead. This feature was deprecated after v3.32.0-0.0.pre - lib\screens\add_question_screen.dart:434:33 - deprecated_member_use
   info - 'onChanged' is deprecated and shouldn't be used. Use RadioGroup to handle value change instead. This feature was deprecated after v3.32.0-0.0.pre - lib\screens\add_question_screen.dart:435:33 - deprecated_member_use
warning - The declaration '_isDesktop' isn't referenced - lib\screens\enhanced_admin_dashboard.dart:37:8 - unused_element
warning - The operand can't be 'null', so the condition is always 'true' - lib\screens\enhanced_admin_dashboard.dart:80:27 - unnecessary_null_comparison
warning - The declaration '_buildStatCard' isn't referenced - lib\screens\enhanced_admin_dashboard.dart:247:10 - unused_element
   info - 'withOpacity' is deprecated and shouldn't be used. Use .withValues() to avoid precision loss - lib\screens\enhanced_admin_dashboard.dart:261:19 - deprecated_member_use
   info - 'withOpacity' is deprecated and shouldn't be used. Use .withValues() to avoid precision loss - lib\screens\enhanced_admin_dashboard.dart:267:26 - deprecated_member_use
   info - 'withOpacity' is deprecated and shouldn't be used. Use .withValues() to avoid precision loss - lib\screens\enhanced_admin_dashboard.dart:280:35 - deprecated_member_use
   info - 'withOpacity' is deprecated and shouldn't be used. Use .withValues() to avoid precision loss - lib\screens\enhanced_admin_dashboard.dart:335:33 - deprecated_member_use
   info - 'withOpacity' is deprecated and shouldn't be used. Use .withValues() to avoid precision loss - lib\screens\enhanced_admin_dashboard.dart:384:33 - deprecated_member_use
   info - 'withOpacity' is deprecated and shouldn't be used. Use .withValues() to avoid precision loss - lib\screens\enhanced_admin_dashboard.dart:396:26 - deprecated_member_use
warning - The declaration '_buildStatsTab' isn't referenced - lib\screens\enhanced_admin_dashboard.dart:419:10 - unused_element
warning - Unnecessary cast - lib\screens\enhanced_admin_dashboard.dart:613:35 - unnecessary_cast
   info - Don't use 'BuildContext's across async gaps, guarded by an unrelated 'mounted' check - lib\screens\enhanced_admin_dashboard.dart:720:56 - use_build_context_synchronously
   info - Don't use 'BuildContext's across async gaps, guarded by an unrelated 'mounted' check - lib\screens\enhanced_admin_dashboard.dart:726:56 - use_build_context_synchronously
   info - 'withOpacity' is deprecated and shouldn't be used. Use .withValues() to avoid precision loss - lib\screens\enhanced_admin_dashboard.dart:769:32 - deprecated_member_use
   info - Unnecessary use of 'toList' in a spread - lib\screens\enhanced_admin_dashboard.dart:881:20 - unnecessary_to_list_in_spreads
   info - 'groupValue' is deprecated and shouldn't be used. Use a RadioGroup ancestor to manage group value instead. This feature was deprecated after v3.32.0-0.0.pre - lib\screens\enhanced_admin_dashboard.dart:1017:29 - deprecated_member_use
   info - 'onChanged' is deprecated and shouldn't be used. Use RadioGroup to handle value change instead. This feature was deprecated after v3.32.0-0.0.pre - lib\screens\enhanced_admin_dashboard.dart:1018:29 - deprecated_member_use
   info - 'value' is deprecated and shouldn't be used. Use initialValue instead. This will set the initial value for the form field. This feature was deprecated after v3.33.0-1.0.pre - lib\screens\enhanced_admin_dashboard.dart:1042:21 - deprecated_member_use
   info - Don't use 'BuildContext's across async gaps, guarded by an unrelated 'mounted' check - lib\screens\enhanced_admin_dashboard.dart:1085:35 - use_build_context_synchronously
   info - Don't use 'BuildContext's across async gaps, guarded by an unrelated 'mounted' check - lib\screens\enhanced_admin_dashboard.dart:1086:42 - use_build_context_synchronously
   info - Don't use 'BuildContext's across async gaps, guarded by an unrelated 'mounted' check - lib\screens\enhanced_admin_dashboard.dart:1094:42 - use_build_context_synchronously
   info - 'value' is deprecated and shouldn't be used. Use initialValue instead. This will set the initial value for the form field. This feature was deprecated after v3.33.0-1.0.pre - lib\screens\enhanced_admin_dashboard.dart:1360:17 - deprecated_member_use
   info - 'value' is deprecated and shouldn't be used. Use initialValue instead. This will set the initial value for the form field. This feature was deprecated after v3.33.0-1.0.pre - lib\screens\enhanced_admin_dashboard.dart:1575:21 - deprecated_member_use
warning - The value of the field '_pathways' isn't used - lib\screens\enhanced_user_dashboard.dart:24:17 - unused_field
   info - 'withOpacity' is deprecated and shouldn't be used. Use .withValues() to avoid precision loss - lib\screens\enhanced_user_dashboard.dart:145:46 - deprecated_member_use
   info - 'withOpacity' is deprecated and shouldn't be used. Use .withValues() to avoid precision loss - lib\screens\enhanced_user_dashboard.dart:157:56 - deprecated_member_use
   info - 'withOpacity' is deprecated and shouldn't be used. Use .withValues() to avoid precision loss - lib\screens\enhanced_user_dashboard.dart:216:51 - deprecated_member_use
   info - 'withOpacity' is deprecated and shouldn't be used. Use .withValues() to avoid precision loss - lib\screens\enhanced_user_dashboard.dart:252:47 - deprecated_member_use
   info - 'withOpacity' is deprecated and shouldn't be used. Use .withValues() to avoid precision loss - lib\screens\enhanced_user_dashboard.dart:287:43 - deprecated_member_use
   info - 'withOpacity' is deprecated and shouldn't be used. Use .withValues() to avoid precision loss - lib\screens\enhanced_user_dashboard.dart:299:43 - deprecated_member_use
   info - 'withOpacity' is deprecated and shouldn't be used. Use .withValues() to avoid precision loss - lib\screens\enhanced_user_dashboard.dart:362:58 - deprecated_member_use
   info - 'withOpacity' is deprecated and shouldn't be used. Use .withValues() to avoid precision loss - lib\screens\enhanced_user_dashboard.dart:367:61 - deprecated_member_use
   info - 'withOpacity' is deprecated and shouldn't be used. Use .withValues() to avoid precision loss - lib\screens\enhanced_user_dashboard.dart:382:70 - deprecated_member_use
   info - 'withOpacity' is deprecated and shouldn't be used. Use .withValues() to avoid precision loss - lib\screens\enhanced_user_dashboard.dart:432:78 - deprecated_member_use
   info - 'withOpacity' is deprecated and shouldn't be used. Use .withValues() to avoid precision loss - lib\screens\enhanced_user_dashboard.dart:472:29 - deprecated_member_use
   info - 'withOpacity' is deprecated and shouldn't be used. Use .withValues() to avoid precision loss - lib\screens\enhanced_user_dashboard.dart:475:31 - deprecated_member_use
   info - 'withOpacity' is deprecated and shouldn't be used. Use .withValues() to avoid precision loss - lib\screens\enhanced_user_dashboard.dart:486:35 - deprecated_member_use
   info - 'withOpacity' is deprecated and shouldn't be used. Use .withValues() to avoid precision loss - lib\screens\enhanced_user_dashboard.dart:514:44 - deprecated_member_use
   info - 'withOpacity' is deprecated and shouldn't be used. Use .withValues() to avoid precision loss - lib\screens\enhanced_user_dashboard.dart:519:47 - deprecated_member_use
   info - 'withOpacity' is deprecated and shouldn't be used. Use .withValues() to avoid precision loss - lib\screens\enhanced_user_dashboard.dart:529:32 - deprecated_member_use
   info - 'withOpacity' is deprecated and shouldn't be used. Use .withValues() to avoid precision loss - lib\screens\enhanced_user_dashboard.dart:626:58 - deprecated_member_use
   info - 'withOpacity' is deprecated and shouldn't be used. Use .withValues() to avoid precision loss - lib\screens\enhanced_user_dashboard.dart:753:53 - deprecated_member_use
   info - 'withOpacity' is deprecated and shouldn't be used. Use .withValues() to avoid precision loss - lib\screens\enhanced_user_dashboard.dart:754:53 - deprecated_member_use
   info - 'withOpacity' is deprecated and shouldn't be used. Use .withValues() to avoid precision loss - lib\screens\enhanced_user_dashboard.dart:793:48 - deprecated_member_use
   info - 'withOpacity' is deprecated and shouldn't be used. Use .withValues() to avoid precision loss - lib\screens\enhanced_user_dashboard.dart:943:48 - deprecated_member_use
   info - 'withOpacity' is deprecated and shouldn't be used. Use .withValues() to avoid precision loss - lib\screens\enhanced_user_dashboard.dart:992:50 - deprecated_member_use
   info - 'withOpacity' is deprecated and shouldn't be used. Use .withValues() to avoid precision loss - lib\screens\enhanced_user_dashboard.dart:1116:48 - deprecated_member_use
   info - Don't use 'BuildContext's across async gaps, guarded by an unrelated 'mounted' check - lib\screens\enhanced_user_dashboard.dart:1162:28 - use_build_context_synchronously
   info - Don't use 'BuildContext's across async gaps, guarded by an unrelated 'mounted' check - lib\screens\enhanced_user_dashboard.dart:1167:19 - use_build_context_synchronously
warning - Unused import: 'pathway_detail_screen.dart' - lib\screens\login_screen.dart:3:8 - unused_import
warning - Unused import: 'no_pathways_screen.dart' - lib\screens\login_screen.dart:4:8 - unused_import
   info - 'withOpacity' is deprecated and shouldn't be used. Use .withValues() to avoid precision loss - lib\screens\login_screen.dart:117:58 - deprecated_member_use
   info - 'withOpacity' is deprecated and shouldn't be used. Use .withValues() to avoid precision loss - lib\screens\login_screen.dart:144:54 - deprecated_member_use
   info - 'withOpacity' is deprecated and shouldn't be used. Use .withValues() to avoid precision loss - lib\screens\login_screen.dart:156:59 - deprecated_member_use
   info - 'withOpacity' is deprecated and shouldn't be used. Use .withValues() to avoid precision loss - lib\screens\login_screen.dart:185:65 - deprecated_member_use
   info - 'withOpacity' is deprecated and shouldn't be used. Use .withValues() to avoid precision loss - lib\screens\login_screen.dart:194:67 - deprecated_member_use
   info - 'withOpacity' is deprecated and shouldn't be used. Use .withValues() to avoid precision loss - lib\screens\login_screen.dart:227:65 - deprecated_member_use
   info - 'withOpacity' is deprecated and shouldn't be used. Use .withValues() to avoid precision loss - lib\screens\login_screen.dart:236:67 - deprecated_member_use
   info - 'withOpacity' is deprecated and shouldn't be used. Use .withValues() to avoid precision loss - lib\screens\login_screen.dart:328:60 - deprecated_member_use
   info - 'withOpacity' is deprecated and shouldn't be used. Use .withValues() to avoid precision loss - lib\screens\login_screen.dart:330:79 - deprecated_member_use
  error - Expected to find ')' - lib\screens\login_screen.dart:386:6 - expected_token
warning - Unused import: 'pathway_selection_screen.dart' - lib\screens\my_departments_screen.dart:4:8 - unused_import
warning - The value of the field '_availableDepartments' isn't used - lib\screens\my_departments_screen.dart:15:30 - unused_field
   info - 'withOpacity' is deprecated and shouldn't be used. Use .withValues() to avoid precision loss - lib\screens\my_departments_screen.dart:183:56 - deprecated_member_use
   info - 'withOpacity' is deprecated and shouldn't be used. Use .withValues() to avoid precision loss - lib\screens\no_pathways_screen.dart:35:39 - deprecated_member_use
   info - Don't invoke 'print' in production code - lib\screens\pathway_detail_screen.dart:45:7 - avoid_print
   info - Don't invoke 'print' in production code - lib\screens\pathway_detail_screen.dart:47:9 - avoid_print
   info - Don't invoke 'print' in production code - lib\screens\pathway_detail_screen.dart:48:9 - avoid_print
   info - Don't invoke 'print' in production code - lib\screens\pathway_detail_screen.dart:49:9 - avoid_print
   info - Don't invoke 'print' in production code - lib\screens\pathway_detail_screen.dart:66:7 - avoid_print
   info - Don't use 'BuildContext's across async gaps, guarded by an unrelated 'mounted' check - lib\screens\pathway_detail_screen.dart:133:46 - use_build_context_synchronously
   info - 'withOpacity' is deprecated and shouldn't be used. Use .withValues() to avoid precision loss - lib\screens\pathway_detail_screen.dart:162:31 - deprecated_member_use
   info - 'withOpacity' is deprecated and shouldn't be used. Use .withValues() to avoid precision loss - lib\screens\pathway_detail_screen.dart:305:47 - deprecated_member_use
   info - 'withOpacity' is deprecated and shouldn't be used. Use .withValues() to avoid precision loss - lib\screens\pathway_selection_screen.dart:158:49 - deprecated_member_use
   info - 'withOpacity' is deprecated and shouldn't be used. Use .withValues() to avoid precision loss - lib\screens\pathway_selection_screen.dart:270:21 - deprecated_member_use
   info - 'withOpacity' is deprecated and shouldn't be used. Use .withValues() to avoid precision loss - lib\screens\pathway_selection_screen.dart:271:21 - deprecated_member_use
warning - The value of the field '_isSubmitting' isn't used - lib\screens\quiz_screen.dart:31:8 - unused_field
   info - The private field _selectedAnswers could be 'final' - lib\screens\quiz_screen.dart:32:17 - prefer_final_fields
   info - The private field _matchAnswers could be 'final' - lib\screens\quiz_screen.dart:37:34 - prefer_final_fields
   info - 'withOpacity' is deprecated and shouldn't be used. Use .withValues() to avoid precision loss - lib\screens\quiz_screen.dart:291:56 - deprecated_member_use
   info - 'withOpacity' is deprecated and shouldn't be used. Use .withValues() to avoid precision loss - lib\screens\quiz_screen.dart:301:48 - deprecated_member_use
   info - 'withOpacity' is deprecated and shouldn't be used. Use .withValues() to avoid precision loss - lib\screens\quiz_screen.dart:421:44 - deprecated_member_use
   info - 'withOpacity' is deprecated and shouldn't be used. Use .withValues() to avoid precision loss - lib\screens\quiz_screen.dart:428:45 - deprecated_member_use
   info - 'withOpacity' is deprecated and shouldn't be used. Use .withValues() to avoid precision loss - lib\screens\quiz_screen.dart:441:54 - deprecated_member_use
   info - 'withOpacity' is deprecated and shouldn't be used. Use .withValues() to avoid precision loss - lib\screens\quiz_screen.dart:441:85 - deprecated_member_use
   info - 'withOpacity' is deprecated and shouldn't be used. Use .withValues() to avoid precision loss - lib\screens\quiz_screen.dart:513:37 - deprecated_member_use
   info - 'withOpacity' is deprecated and shouldn't be used. Use .withValues() to avoid precision loss - lib\screens\quiz_screen.dart:518:49 - deprecated_member_use
   info - 'withOpacity' is deprecated and shouldn't be used. Use .withValues() to avoid precision loss - lib\screens\quiz_screen.dart:528:38 - deprecated_member_use
   info - 'withOpacity' is deprecated and shouldn't be used. Use .withValues() to avoid precision loss - lib\screens\quiz_screen.dart:573:62 - deprecated_member_use
   info - 'value' is deprecated and shouldn't be used. Use initialValue instead. This will set the initial value for the form field. This feature was deprecated after v3.33.0-1.0.pre - lib\screens\quiz_screen.dart:581:21 - deprecated_member_use
   info - 'withOpacity' is deprecated and shouldn't be used. Use .withValues() to avoid precision loss - lib\screens\quiz_screen.dart:671:60 - deprecated_member_use
   info - 'withOpacity' is deprecated and shouldn't be used. Use .withValues() to avoid precision loss - lib\screens\quiz_screen.dart:677:58 - deprecated_member_use
   info - 'withOpacity' is deprecated and shouldn't be used. Use .withValues() to avoid precision loss - lib\screens\quiz_screen.dart:706:62 - deprecated_member_use
   info - 'withOpacity' is deprecated and shouldn't be used. Use .withValues() to avoid precision loss - lib\screens\quiz_screen.dart:714:62 - deprecated_member_use
   info - 'withOpacity' is deprecated and shouldn't be used. Use .withValues() to avoid precision loss - lib\screens\quiz_screen.dart:737:56 - deprecated_member_use
warning - The declaration '_getGradientColors' isn't referenced - lib\screens\quiz_screen.dart:821:15 - unused_element
warning - The declaration '_getPrimaryColor' isn't referenced - lib\screens\quiz_screen.dart:834:9 - unused_element
   info - 'withOpacity' is deprecated and shouldn't be used. Use .withValues() to avoid precision loss - lib\screens\signup_screen.dart:127:56 - deprecated_member_use
   info - 'withOpacity' is deprecated and shouldn't be used. Use .withValues() to avoid precision loss - lib\screens\signup_screen.dart:154:52 - deprecated_member_use
   info - 'withOpacity' is deprecated and shouldn't be used. Use .withValues() to avoid precision loss - lib\screens\signup_screen.dart:330:60 - deprecated_member_use
   info - 'withOpacity' is deprecated and shouldn't be used. Use .withValues() to avoid precision loss - lib\screens\signup_screen.dart:332:79 - deprecated_member_use
  error - Expected to find ')' - lib\screens\signup_screen.dart:402:6 - expected_token
   info - 'withOpacity' is deprecated and shouldn't be used. Use .withValues() to avoid precision loss - lib\screens\splash_screen.dart:136:58 - deprecated_member_use
   info - 'withOpacity' is deprecated and shouldn't be used. Use .withValues() to avoid precision loss - lib\screens\splash_screen.dart:164:54 - deprecated_member_use
   info - 'withOpacity' is deprecated and shouldn't be used. Use .withValues() to avoid precision loss - lib\screens\splash_screen.dart:185:54 - deprecated_member_use
   info - The import of 'package:flutter/foundation.dart' is unnecessary because all of the used elements are also provided by the import of 'package:flutter/material.dart' - lib\screens\welcome_screen.dart:1:8 - unnecessary_import
   info - 'withOpacity' is deprecated and shouldn't be used. Use .withValues() to avoid precision loss - lib\screens\welcome_screen.dart:89:60 - deprecated_member_use
   info - 'withOpacity' is deprecated and shouldn't be used. Use .withValues() to avoid precision loss - lib\screens\welcome_screen.dart:126:56 - deprecated_member_use
warning - Unused import: 'dart:convert' - lib\services\storage_service.dart:1:8 - unused_import
   info - 'withOpacity' is deprecated and shouldn't be used. Use .withValues() to avoid precision loss - lib\theme\app_theme.dart:135:50 - deprecated_member_use
   info - 'value' is deprecated and shouldn't be used. Use initialValue instead. This will set the initial value for the form field. This feature was deprecated after v3.33.0-1.0.pre - lib\widgets\assign_pathways_tab.dart:161:25 - deprecated_member_use
   info - 'value' is deprecated and shouldn't be used. Use initialValue instead. This will set the initial value for the form field. This feature was deprecated after v3.33.0-1.0.pre - lib\widgets\assign_pathways_tab.dart:193:21 - deprecated_member_use

C:\flutter\bin\flutter.bat 
: 130 issues found. (ran in 
3.7s)
At line:1 char:1
+ 
C:\flutter\bin\flutter.bat 
analyze > errors.txt 2>&1
+ ~~~~~~~~~~~~~~~~~~~~~~~~~~
~~~~~~~~~~~~~~~~~~~~~~~~~~
    + CategoryInfo          
    : NotSpecified: (130 i  
  ssues found. (ran in 3.   
 7s):String) [], RemoteE    
xception
    + FullyQualifiedErrorId 
    : NativeCommandError
 
